SYMBOL_GRAPHICS_P0_S00_TERM
SYMBOL_GRAPHICS_P0_S01_MULT
SYMBOL_GRAPHICS_P0_S02_ADD
SYMBOL_GRAPHICS_P0_S03_SUB
SYMBOL_GRAPHICS_P0_S04_DIV
SYMBOL_GRAPHICS_P0_S05_MOD
SYMBOL_GRAPHICS_P0_S06_EQUALS
SYMBOL_GRAPHICS_P0_S07_GT
SYMBOL_GRAPHICS_P0_S08_LT
SYMBOL_GRAPHICS_P0_S09_AND
SYMBOL_GRAPHICS_P0_S0A_OR
SYMBOL_GRAPHICS_P0_S0B_NOT
SYMBOL_GRAPHICS_P0_S0C_IF
SYMBOL_GRAPHICS_P0_S0D_CONS
SYMBOL_GRAPHICS_P0_S0E_CAR
SYMBOL_GRAPHICS_P0_S0F_CDR
SYMBOL_GRAPHICS_P0_S10_F0
SYMBOL_GRAPHICS_P0_S11_F1
SYMBOL_GRAPHICS_P0_S12_F2
SYMBOL_GRAPHICS_P0_S13_BEEP
SYMBOL_GRAPHICS_P0_S14_PROGN
SYMBOL_GRAPHICS_P0_S15_LOOP
SYMBOL_GRAPHICS_P0_S16_X0
SYMBOL_GRAPHICS_P0_S17_Y0
SYMBOL_GRAPHICS_P0_S18_X1
SYMBOL_GRAPHICS_P0_S19_Y1
SYMBOL_GRAPHICS_P0_S0A_XE
SYMBOL_GRAPHICS_P0_S1D_YE
SYMBOL_GRAPHICS_P0_S16_STACK
SYMBOL_GRAPHICS_P0_S17_STEP
SYMBOL_GRAPHICS_P0_S1E__
SYMBOL_GRAPHICS_P0_S1F__
SYMBOL_GRAPHICS_P1_S00_ZERO
SYMBOL_GRAPHICS_P1_S01_ONE
SYMBOL_GRAPHICS_P1_S02_TWO
SYMBOL_GRAPHICS_P1_S03_THREE
SYMBOL_GRAPHICS_P1_S04_FOUR
SYMBOL_GRAPHICS_P1_S05_FIVE
SYMBOL_GRAPHICS_P1_S06_SIX
SYMBOL_GRAPHICS_P1_S07_SEVEN
SYMBOL_GRAPHICS_P1_S08_EIGHT
SYMBOL_GRAPHICS_P1_S09_NINE
SYMBOL_GRAPHICS_P1_S0A_A0
SYMBOL_GRAPHICS_P1_S0B_A1
SYMBOL_GRAPHICS_P1_S0C_A2
SYMBOL_GRAPHICS_P1_S0D_A3
SYMBOL_GRAPHICS_P1_S0E_STACK
SYMBOL_GRAPHICS_P1_S0F_STEPS
SYMBOL_GRAPHICS_P1_S10_J0
SYMBOL_GRAPHICS_P1_S11_J1
SYMBOL_GRAPHICS_P1_S12_CX0B
SYMBOL_GRAPHICS_P1_S13_CX1B
SYMBOL_GRAPHICS_P1_S14_CX01
SYMBOL_GRAPHICS_P1_S15__
SYMBOL_GRAPHICS_P1_S16__
SYMBOL_GRAPHICS_P1_S17__
SYMBOL_GRAPHICS_P1_S18__
SYMBOL_GRAPHICS_P1_S19__
SYMBOL_GRAPHICS_P1_S1A__
SYMBOL_GRAPHICS_P1_S1B__
SYMBOL_GRAPHICS_P1_S1C__
SYMBOL_GRAPHICS_P1_S1D__
SYMBOL_GRAPHICS_P1_S1E__
SYMBOL_GRAPHICS_P1_S1F__
SYMBOL_GRAPHICS_P2_S00_HASH
SYMBOL_GRAPHICS_P2_S01_QUOTE
SYMBOL_GRAPHICS_P2_S02_RET
SYMBOL_GRAPHICS_P2_S03_BLANK
SYMBOL_GRAPHICS_P2_S04_EVAL
SYMBOL_GRAPHICS_P2_S05_EVAL
SYMBOL_GRAPHICS_P2_S06_CALC
SYMBOL_GRAPHICS_P2_S07_CALC
SYMBOL_GRAPHICS_P2_S08_TUNE
SYMBOL_GRAPHICS_P2_S09_TUNE
SYMBOL_GRAPHICS_P2_S0A_GAME
SYMBOL_GRAPHICS_P2_S0B_GAME
SYMBOL_GRAPHICS_P2_S0C_DISK
SYMBOL_GRAPHICS_P2_S0D_DISK
SYMBOL_GRAPHICS_P2_S0E_STEP
SYMBOL_GRAPHICS_P2_S0F_STEP
SYMBOL_GRAPHICS_P2_S10_LAMBDA
SYMBOL_GRAPHICS_P2_S11_F
SYMBOL_GRAPHICS_P2_S12_G
SYMBOL_GRAPHICS_P2_S13_H
SYMBOL_GRAPHICS_P2_S14_CIRCLEDOT
SYMBOL_GRAPHICS_P2_S15_DOWNTRI
SYMBOL_GRAPHICS_P2_S16_SQUARE
SYMBOL_GRAPHICS_P2_S17_STAR
SYMBOL_GRAPHICS_P2_S18_V
SYMBOL_GRAPHICS_P2_S19_I
SYMBOL_GRAPHICS_P2_S1A_LISP
SYMBOL_GRAPHICS_P2_S1B_LISP
SYMBOL_GRAPHICS_P2_S1C__
SYMBOL_GRAPHICS_P2_S1D__
SYMBOL_GRAPHICS_P2_S1E__
SYMBOL_GRAPHICS_P2_S1F__
