SYMBOL_GRAPHICS_TERM
SYMBOL_GRAPHICS_MULT
SYMBOL_GRAPHICS_ADD
SYMBOL_GRAPHICS_SUB
SYMBOL_GRAPHICS_DIV
SYMBOL_GRAPHICS_MOD
SYMBOL_GRAPHICS_EQUALS
SYMBOL_GRAPHICS_GT
SYMBOL_GRAPHICS_LT
SYMBOL_GRAPHICS_AND
SYMBOL_GRAPHICS_OR
SYMBOL_GRAPHICS_NOT
SYMBOL_GRAPHICS_DEC
SYMBOL_GRAPHICS_CONS
SYMBOL_GRAPHICS_CAR
SYMBOL_GRAPHICS_CDR
SYMBOL_GRAPHICS_F0
SYMBOL_GRAPHICS_F1
SYMBOL_GRAPHICS_F2
SYMBOL_GRAPHICS_BEEP
SYMBOL_GRAPHICS_JOYSTICK
SYMBOL_GRAPHICS_KEYPAD
SYMBOL_GRAPHICS_STACK
SYMBOL_GRAPHICS_MOVE
SYMBOL_GRAPHICS_SHAPE
SYMBOL_GRAPHICS_CX
SYMBOL_GRAPHICS_REFLECT
SYMBOL_GRAPHICS_QUOTE
SYMBOL_GRAPHICS_IF
SYMBOL_GRAPHICS_LOOP
SYMBOL_GRAPHICS_PROGN
SYMBOL_GRAPHICS_APPLY
SYMBOL_GRAPHICS_ZERO
SYMBOL_GRAPHICS_ONE
SYMBOL_GRAPHICS_TWO
SYMBOL_GRAPHICS_THREE
SYMBOL_GRAPHICS_FOUR
SYMBOL_GRAPHICS_FIVE
SYMBOL_GRAPHICS_SIX
SYMBOL_GRAPHICS_SEVEN
SYMBOL_GRAPHICS_EIGHT
SYMBOL_GRAPHICS_NINE
SYMBOL_GRAPHICS_A
SYMBOL_GRAPHICS_B
SYMBOL_GRAPHICS_C
SYMBOL_GRAPHICS_D
SYMBOL_GRAPHICS_CELL
SYMBOL_GRAPHICS_HASH
SYMBOL_GRAPHICS_ZARA
SYMBOL_GRAPHICS_LAMBDA
SYMBOL_GRAPHICS_CA
SYMBOL_GRAPHICS_LC
SYMBOL_GRAPHICS_SO
SYMBOL_GRAPHICS_NG
SYMBOL_GRAPHICS_ST
SYMBOL_GRAPHICS_AX
SYMBOL_GRAPHICS_GA
SYMBOL_GRAPHICS_ME
SYMBOL_GRAPHICS_S38
SYMBOL_GRAPHICS_S39
SYMBOL_GRAPHICS_S3A
SYMBOL_GRAPHICS_S3B
SYMBOL_GRAPHICS_S3C
SYMBOL_GRAPHICS_S3D
SYMBOL_GRAPHICS_S3E
SYMBOL_GRAPHICS_S3F