COL_A0_PF0
COL_A0_PF1
COL_A0_PF2
COL_A0_PF3
COL_A0_PF4
COL_A0_PF5
COL_B0_PF0
COL_B0_PF1
COL_B0_PF2
COL_B0_PF3
COL_B0_PF4
COL_B0_PF5
COL_A1_PF0
COL_A1_PF1
COL_A1_PF2
COL_A1_PF3
COL_A1_PF4
COL_A1_PF5
COL_B1_PF0
COL_B1_PF1
COL_B1_PF2
COL_B1_PF3
COL_B1_PF4
COL_B1_PF5
COL_A2_PF0
COL_A2_PF1
COL_A2_PF2
COL_A2_PF3
COL_A2_PF4
COL_A2_PF5
COL_B2_PF0
COL_B2_PF1
COL_B2_PF2
COL_B2_PF3
COL_B2_PF4
COL_B2_PF5
COL_A3_PF0
COL_A3_PF1
COL_A3_PF2
COL_A3_PF3
COL_A3_PF4
COL_A3_PF5
COL_B3_PF0
COL_B3_PF1
COL_B3_PF2
COL_B3_PF3
COL_B3_PF4
COL_B3_PF5
COL_A4_PF0
COL_A4_PF1
COL_A4_PF2
COL_A4_PF3
COL_A4_PF4
COL_A4_PF5
COL_B4_PF0
COL_B4_PF1
COL_B4_PF2
COL_B4_PF3
COL_B4_PF4
COL_B4_PF5
COL_A5_PF0
COL_A5_PF1
COL_A5_PF2
COL_A5_PF3
COL_A5_PF4
COL_A5_PF5
COL_B5_PF0
COL_B5_PF1
COL_B5_PF2
COL_B5_PF3
COL_B5_PF4
COL_B5_PF5
COL_A6_PF0
COL_A6_PF1
COL_A6_PF2
COL_A6_PF3
COL_A6_PF4
COL_A6_PF5
COL_B6_PF0
COL_B6_PF1
COL_B6_PF2
COL_B6_PF3
COL_B6_PF4
COL_B6_PF5
COL_A7_PF0
COL_A7_PF1
COL_A7_PF2
COL_A7_PF3
COL_A7_PF4
COL_A7_PF5
COL_B7_PF0
COL_B7_PF1
COL_B7_PF2
COL_B7_PF3
COL_B7_PF4
COL_B7_PF5
COL_A8_PF0
COL_A8_PF1
COL_A8_PF2
COL_A8_PF3
COL_A8_PF4
COL_A8_PF5
COL_B8_PF0
COL_B8_PF1
COL_B8_PF2
COL_B8_PF3
COL_B8_PF4
COL_B8_PF5
COL_A9_PF0
COL_A9_PF1
COL_A9_PF2
COL_A9_PF3
COL_A9_PF4
COL_A9_PF5
COL_B9_PF0
COL_B9_PF1
COL_B9_PF2
COL_B9_PF3
COL_B9_PF4
COL_B9_PF5
COL_AA_PF0
COL_AA_PF1
COL_AA_PF2
COL_AA_PF3
COL_AA_PF4
COL_AA_PF5
COL_BA_PF0
COL_BA_PF1
COL_BA_PF2
COL_BA_PF3
COL_BA_PF4
COL_BA_PF5
COL_AB_PF0
COL_AB_PF1
COL_AB_PF2
COL_AB_PF3
COL_AB_PF4
COL_AB_PF5
COL_BB_PF0
COL_BB_PF1
COL_BB_PF2
COL_BB_PF3
COL_BB_PF4
COL_BB_PF5
COL_AC_PF0
COL_AC_PF1
COL_AC_PF2
COL_AC_PF3
COL_AC_PF4
COL_AC_PF5
COL_BC_PF0
COL_BC_PF1
COL_BC_PF2
COL_BC_PF3
COL_BC_PF4
COL_BC_PF5
COL_AD_PF0
COL_AD_PF1
COL_AD_PF2
COL_AD_PF3
COL_AD_PF4
COL_AD_PF5
COL_BD_PF0
COL_BD_PF1
COL_BD_PF2
COL_BD_PF3
COL_BD_PF4
COL_BD_PF5
COL_AE_PF0
COL_AE_PF1
COL_AE_PF2
COL_AE_PF3
COL_AE_PF4
COL_AE_PF5
COL_BE_PF0
COL_BE_PF1
COL_BE_PF2
COL_BE_PF3
COL_BE_PF4
COL_BE_PF5
COL_AF_PF0
COL_AF_PF1
COL_AF_PF2
COL_AF_PF3
COL_AF_PF4
COL_AF_PF5
COL_BF_PF0
COL_BF_PF1
COL_BF_PF2
COL_BF_PF3
COL_BF_PF4
COL_BF_PF5
COL_AG_PF0
COL_AG_PF1
COL_AG_PF2
COL_AG_PF3
COL_AG_PF4
COL_AG_PF5
COL_BG_PF0
COL_BG_PF1
COL_BG_PF2
COL_BG_PF3
COL_BG_PF4
COL_BG_PF5
COL_AH_PF0
COL_AH_PF1
COL_AH_PF2
COL_AH_PF3
COL_AH_PF4
COL_AH_PF5
COL_BH_PF0
COL_BH_PF1
COL_BH_PF2
COL_BH_PF3
COL_BH_PF4
COL_BH_PF5
COL_AI_PF0
COL_AI_PF1
COL_AI_PF2
COL_AI_PF3
COL_AI_PF4
COL_AI_PF5
COL_BI_PF0
COL_BI_PF1
COL_BI_PF2
COL_BI_PF3
COL_BI_PF4
COL_BI_PF5
COL_AJ_PF0
COL_AJ_PF1
COL_AJ_PF2
COL_AJ_PF3
COL_AJ_PF4
COL_AJ_PF5
COL_BJ_PF0
COL_BJ_PF1
COL_BJ_PF2
COL_BJ_PF3
COL_BJ_PF4
COL_BJ_PF5